###########################################################
####               ICTC Regression Report              ####
###########################################################
Total testcase run: 90
Passed            : 89
Failed            : 1
Unknown           : 1
Used time         : 8m 26s
-----------------------------------------------------------
Run log detail:
log/multiple_wr_rd_fixed_test_571749.log: => Failed
log/multiple_wr_rd_fixed_test_571749.log: => Passed
log/rd_fixed_psel1_1byte_no_error_test_491356.log: => Passed
log/rd_fixed_psel1_2byte_no_error_test_282549.log: => Passed
log/rd_fixed_psel1_4byte_error_test_750981.log: => Passed
log/rd_fixed_psel1_4byte_no_error_test_724957.log: => Passed
log/rd_fixed_psel2_1byte_no_error_test_528413.log: => Passed
log/rd_fixed_psel2_2byte_no_error_test_920892.log: => Passed
log/rd_fixed_psel2_4byte_error_test_850771.log: => Passed
log/rd_fixed_psel2_4byte_no_error_test_350768.log: => Passed
log/rd_fixed_psel3_1byte_no_error_test_970048.log: => Passed
log/rd_fixed_psel3_2byte_no_error_test_425304.log: => Passed
log/rd_fixed_psel3_4byte_error_test_217923.log: => Passed
log/rd_fixed_psel3_4byte_no_error_test_514420.log: => Passed
log/rd_incr_psel12_4byte_error_test_269497.log: => Passed
log/rd_incr_psel12_4byte_no_error_test_255995.log: => Passed
log/rd_incr_psel1_1byte_no_error_test_285730.log: => Passed
log/rd_incr_psel1_2byte_no_error_test_847188.log: => Passed
log/rd_incr_psel1_4byte_error_test_807010.log: => Passed
log/rd_incr_psel1_4byte_no_error_test_403387.log: => Passed
log/rd_incr_psel23_4byte_error_test_631102.log: => Passed
log/rd_incr_psel23_4byte_no_error_test_725173.log: => Passed
log/rd_incr_psel2_1byte_no_error_test_872026.log: => Passed
log/rd_incr_psel2_2byte_no_error_test_458727.log: => Passed
log/rd_incr_psel2_4byte_error_test_515000.log: => Passed
log/rd_incr_psel2_4byte_no_error_test_451960.log: => Passed
log/rd_incr_psel3_1byte_no_error_test_483497.log: => Passed
log/rd_incr_psel3_2byte_no_error_test_641293.log: => Passed
log/rd_incr_psel3_4byte_error_test_254905.log: => Passed
log/rd_incr_psel3_4byte_no_error_test_203540.log: => Passed
log/rd_wrap_psel12_4byte_error_test_490243.log: => Passed
log/rd_wrap_psel12_4byte_no_error_test_543745.log: => Passed
log/rd_wrap_psel1_1byte_no_error_test_170948.log: => Passed
log/rd_wrap_psel1_2byte_no_error_test_751875.log: => Passed
log/rd_wrap_psel1_4byte_error_test_880003.log: => Passed
log/rd_wrap_psel1_4byte_no_error_test_961206.log: => Passed
log/rd_wrap_psel23_4byte_error_test_716456.log: => Passed
log/rd_wrap_psel23_4byte_no_error_test_476360.log: => Passed
log/rd_wrap_psel2_1byte_no_error_test_639403.log: => Passed
log/rd_wrap_psel2_2byte_no_error_test_926890.log: => Passed
log/rd_wrap_psel2_4byte_error_test_330166.log: => Passed
log/rd_wrap_psel2_4byte_no_error_test_857088.log: => Passed
log/rd_wrap_psel3_1byte_no_error_test_176053.log: => Passed
log/rd_wrap_psel3_2byte_no_error_test_426707.log: => Passed
log/rd_wrap_psel3_4byte_error_test_603854.log: => Passed
log/rd_wrap_psel3_4byte_no_error_test_619407.log: => Passed
log/wr_fixed_psel1_1byte_no_error_test_377661.log: => Passed
log/wr_fixed_psel1_2byte_no_error_test_164718.log: => Passed
log/wr_fixed_psel1_4byte_error_test_388216.log: => Passed
log/wr_fixed_psel1_4byte_no_error_test_324365.log: => Passed
log/wr_fixed_psel2_1byte_no_error_test_714179.log: => Passed
log/wr_fixed_psel2_2byte_no_error_test_904421.log: => Passed
log/wr_fixed_psel2_4byte_error_test_905654.log: => Passed
log/wr_fixed_psel2_4byte_no_error_test_797267.log: => Passed
log/wr_fixed_psel3_1byte_no_error_test_261602.log: => Passed
log/wr_fixed_psel3_2byte_no_error_test_481268.log: => Passed
log/wr_fixed_psel3_4byte_error_test_323963.log: => Passed
log/wr_fixed_psel3_4byte_no_error_test_233678.log: => Passed
log/wr_incr_psel12_4byte_error_test_327860.log: => Passed
log/wr_incr_psel12_4byte_no_error_test_448832.log: => Passed
log/wr_incr_psel1_1byte_no_error_test_188670.log: => Passed
log/wr_incr_psel1_2byte_no_error_test_996149.log: => Passed
log/wr_incr_psel1_4byte_error_test_271630.log: => Passed
log/wr_incr_psel1_4byte_no_error_test_405331.log: => Passed
log/wr_incr_psel23_4byte_error_test_327428.log: => Passed
log/wr_incr_psel23_4byte_no_error_test_794803.log: => Passed
log/wr_incr_psel2_1byte_no_error_test_722271.log: => Passed
log/wr_incr_psel2_2byte_no_error_test_664233.log: => Passed
log/wr_incr_psel2_4byte_error_test_574082.log: => Passed
log/wr_incr_psel2_4byte_no_error_test_300091.log: => Passed
log/wr_incr_psel3_1byte_no_error_test_968520.log: => Passed
log/wr_incr_psel3_2byte_no_error_test_102604.log: => Passed
log/wr_incr_psel3_4byte_error_test_449170.log: => Passed
log/wr_incr_psel3_4byte_no_error_test_325484.log: => Passed
log/wr_wrap_psel12_4byte_error_test_651737.log: => Passed
log/wr_wrap_psel12_4byte_no_error_test_742037.log: => Passed
log/wr_wrap_psel1_1byte_no_error_test_873439.log: => Passed
log/wr_wrap_psel1_2byte_no_error_test_716249.log: => Passed
log/wr_wrap_psel1_4byte_error_test_534169.log: => Passed
log/wr_wrap_psel1_4byte_no_error_test_318747.log: => Passed
log/wr_wrap_psel23_4byte_error_test_786765.log: => Passed
log/wr_wrap_psel23_4byte_no_error_test_831746.log: => Passed
log/wr_wrap_psel2_1byte_no_error_test_181592.log: => Passed
log/wr_wrap_psel2_2byte_no_error_test_680335.log: => Passed
log/wr_wrap_psel2_4byte_error_test_858153.log: => Passed
log/wr_wrap_psel2_4byte_no_error_test_432198.log: => Passed
log/wr_wrap_psel3_1byte_no_error_test_836661.log: => Passed
log/wr_wrap_psel3_2byte_no_error_test_798340.log: => Passed
log/wr_wrap_psel3_4byte_error_test_514410.log: => Passed
log/wr_wrap_psel3_4byte_no_error_test_711007.log: => Passed
-----------------------------------------------------------
